2026-03-05 22:09:02,366 ----------------------------------------------------------------------------------------------------
2026-03-05 22:09:02,367 Model: "TextClassifier(
  (embeddings): DocumentRNNEmbeddings(
    (embeddings): StackedEmbeddings(
      (list_embedding_0): FlairEmbeddings(
        (lm): LanguageModel(
          (drop): Dropout(p=0.1, inplace=False)
          (encoder): Embedding(11854, 100)
          (rnn): LSTM(100, 2048)
        )
      )
      (list_embedding_1): FlairEmbeddings(
        (lm): LanguageModel(
          (drop): Dropout(p=0.1, inplace=False)
          (encoder): Embedding(11854, 100)
          (rnn): LSTM(100, 2048)
        )
      )
    )
    (word_reprojection_map): Linear(in_features=4096, out_features=256, bias=True)
    (rnn): GRU(256, 512, batch_first=True, bidirectional=True)
    (dropout): Dropout(p=0.5, inplace=False)
  )
  (decoder): Linear(in_features=2048, out_features=3, bias=True)
  (dropout): Dropout(p=0.0, inplace=False)
  (locked_dropout): LockedDropout(p=0.0)
  (word_dropout): WordDropout(p=0.0)
  (loss_function): CrossEntropyLoss()
  (weights): None
  (weight_tensor) None
)"
2026-03-05 22:09:02,368 ----------------------------------------------------------------------------------------------------
2026-03-05 22:09:02,369 Corpus: 70040 train + 14960 dev + 15000 test sentences
2026-03-05 22:09:02,369 ----------------------------------------------------------------------------------------------------
2026-03-05 22:09:02,369 Train:  85000 sentences
2026-03-05 22:09:02,370         (train_with_dev=True, train_with_test=False)
2026-03-05 22:09:02,370 ----------------------------------------------------------------------------------------------------
2026-03-05 22:09:02,370 Training Params:
2026-03-05 22:09:02,370  - learning_rate: "5e-05" 
2026-03-05 22:09:02,371  - mini_batch_size: "32"
2026-03-05 22:09:02,371  - max_epochs: "20"
2026-03-05 22:09:02,371  - shuffle: "True"
2026-03-05 22:09:02,371 ----------------------------------------------------------------------------------------------------
2026-03-05 22:09:02,372 Plugins:
2026-03-05 22:09:02,372  - AnnealOnPlateau | patience: '3', anneal_factor: '0.5', min_learning_rate: '1e-06'
2026-03-05 22:09:02,372 ----------------------------------------------------------------------------------------------------
2026-03-05 22:09:02,372 Final evaluation on model from best epoch (best-model.pt)
2026-03-05 22:09:02,372  - metric: "('micro avg', 'f1-score')"
2026-03-05 22:09:02,373 ----------------------------------------------------------------------------------------------------
2026-03-05 22:09:02,373 Computation:
2026-03-05 22:09:02,373  - compute on device: cpu
2026-03-05 22:09:02,373  - embedding storage: gpu
2026-03-05 22:09:02,373 ----------------------------------------------------------------------------------------------------
2026-03-05 22:09:02,374 Model training base path: "data\rusentiment-flair-model"
2026-03-05 22:09:02,374 ----------------------------------------------------------------------------------------------------
2026-03-05 22:09:02,374 ----------------------------------------------------------------------------------------------------
2026-03-05 22:30:29,256 epoch 1 - iter 265/2657 - loss 1.06276129 - time (sec): 1286.88 - samples/sec: 6.59 - lr: 0.000050 - momentum: 0.000000
2026-03-05 22:55:41,369 epoch 1 - iter 530/2657 - loss 1.02927422 - time (sec): 2798.99 - samples/sec: 6.06 - lr: 0.000050 - momentum: 0.000000
2026-03-05 23:20:58,714 epoch 1 - iter 795/2657 - loss 1.00984419 - time (sec): 4316.33 - samples/sec: 5.89 - lr: 0.000050 - momentum: 0.000000
2026-03-05 23:46:26,366 epoch 1 - iter 1060/2657 - loss 0.99513046 - time (sec): 5843.99 - samples/sec: 5.80 - lr: 0.000050 - momentum: 0.000000
2026-03-06 00:10:32,903 epoch 1 - iter 1325/2657 - loss 0.98264316 - time (sec): 7290.51 - samples/sec: 5.81 - lr: 0.000050 - momentum: 0.000000
2026-03-06 00:30:51,532 epoch 1 - iter 1590/2657 - loss 0.97243026 - time (sec): 8509.14 - samples/sec: 5.98 - lr: 0.000050 - momentum: 0.000000
2026-03-06 00:52:02,107 epoch 1 - iter 1855/2657 - loss 0.96495020 - time (sec): 9779.72 - samples/sec: 6.07 - lr: 0.000050 - momentum: 0.000000
2026-03-06 01:10:03,488 epoch 1 - iter 2120/2657 - loss 0.95884638 - time (sec): 10861.11 - samples/sec: 6.24 - lr: 0.000050 - momentum: 0.000000
2026-03-06 01:26:56,264 epoch 1 - iter 2385/2657 - loss 0.95285694 - time (sec): 11873.87 - samples/sec: 6.43 - lr: 0.000050 - momentum: 0.000000
2026-03-06 01:43:45,807 epoch 1 - iter 2650/2657 - loss 0.94765124 - time (sec): 12883.42 - samples/sec: 6.58 - lr: 0.000050 - momentum: 0.000000
2026-03-06 01:44:18,534 ----------------------------------------------------------------------------------------------------
2026-03-06 01:44:18,682 EPOCH 1 done: loss 0.9476 - lr: 0.000050
2026-03-06 01:44:18,701  - 0 epochs without improvement
2026-03-06 01:44:18,732 ----------------------------------------------------------------------------------------------------
2026-03-06 02:01:52,303 epoch 2 - iter 265/2657 - loss 0.87764379 - time (sec): 1053.54 - samples/sec: 8.05 - lr: 0.000050 - momentum: 0.000000
2026-03-06 02:18:44,978 epoch 2 - iter 530/2657 - loss 0.88124257 - time (sec): 2066.21 - samples/sec: 8.21 - lr: 0.000050 - momentum: 0.000000
2026-03-06 02:36:02,153 epoch 2 - iter 795/2657 - loss 0.88182661 - time (sec): 3103.39 - samples/sec: 8.20 - lr: 0.000050 - momentum: 0.000000
2026-03-06 02:52:18,725 epoch 2 - iter 1060/2657 - loss 0.88299638 - time (sec): 4079.95 - samples/sec: 8.31 - lr: 0.000050 - momentum: 0.000000
2026-03-06 03:08:02,684 epoch 2 - iter 1325/2657 - loss 0.88298034 - time (sec): 5023.91 - samples/sec: 8.44 - lr: 0.000050 - momentum: 0.000000
2026-03-06 03:25:04,189 epoch 2 - iter 1590/2657 - loss 0.88016325 - time (sec): 6045.41 - samples/sec: 8.42 - lr: 0.000050 - momentum: 0.000000
2026-03-06 03:42:04,020 epoch 2 - iter 1855/2657 - loss 0.87867541 - time (sec): 7065.25 - samples/sec: 8.40 - lr: 0.000050 - momentum: 0.000000
2026-03-06 04:00:41,187 epoch 2 - iter 2120/2657 - loss 0.87940633 - time (sec): 8182.43 - samples/sec: 8.29 - lr: 0.000050 - momentum: 0.000000
2026-03-06 04:17:30,540 epoch 2 - iter 2385/2657 - loss 0.87828338 - time (sec): 9191.77 - samples/sec: 8.30 - lr: 0.000050 - momentum: 0.000000
2026-03-06 04:33:39,628 epoch 2 - iter 2650/2657 - loss 0.87799102 - time (sec): 10160.87 - samples/sec: 8.34 - lr: 0.000050 - momentum: 0.000000
2026-03-06 04:34:04,533 ----------------------------------------------------------------------------------------------------
2026-03-06 04:34:04,534 EPOCH 2 done: loss 0.8779 - lr: 0.000050
2026-03-06 04:34:04,535  - 0 epochs without improvement
2026-03-06 04:34:04,543 ----------------------------------------------------------------------------------------------------
2026-03-06 04:51:08,505 epoch 3 - iter 265/2657 - loss 0.85171080 - time (sec): 1023.95 - samples/sec: 8.28 - lr: 0.000050 - momentum: 0.000000
2026-03-06 05:08:04,183 epoch 3 - iter 530/2657 - loss 0.85745486 - time (sec): 2039.62 - samples/sec: 8.31 - lr: 0.000050 - momentum: 0.000000
2026-03-06 05:23:34,418 epoch 3 - iter 795/2657 - loss 0.85881786 - time (sec): 2969.86 - samples/sec: 8.57 - lr: 0.000050 - momentum: 0.000000
2026-03-06 05:41:32,781 epoch 3 - iter 1060/2657 - loss 0.85882665 - time (sec): 4048.22 - samples/sec: 8.38 - lr: 0.000050 - momentum: 0.000000
2026-03-06 05:58:26,773 epoch 3 - iter 1325/2657 - loss 0.85770823 - time (sec): 5062.22 - samples/sec: 8.37 - lr: 0.000050 - momentum: 0.000000
2026-03-06 06:16:01,766 epoch 3 - iter 1590/2657 - loss 0.86121076 - time (sec): 6117.22 - samples/sec: 8.32 - lr: 0.000050 - momentum: 0.000000
2026-03-06 06:32:58,643 epoch 3 - iter 1855/2657 - loss 0.85964189 - time (sec): 7134.07 - samples/sec: 8.32 - lr: 0.000050 - momentum: 0.000000
2026-03-06 06:49:26,404 epoch 3 - iter 2120/2657 - loss 0.85888218 - time (sec): 8121.85 - samples/sec: 8.35 - lr: 0.000050 - momentum: 0.000000
2026-03-06 07:04:24,078 epoch 3 - iter 2385/2657 - loss 0.85821902 - time (sec): 9019.53 - samples/sec: 8.46 - lr: 0.000050 - momentum: 0.000000
2026-03-06 07:21:25,234 epoch 3 - iter 2650/2657 - loss 0.85703976 - time (sec): 10040.68 - samples/sec: 8.44 - lr: 0.000050 - momentum: 0.000000
2026-03-06 07:21:50,083 ----------------------------------------------------------------------------------------------------
2026-03-06 07:21:50,084 EPOCH 3 done: loss 0.8571 - lr: 0.000050
2026-03-06 07:21:50,092  - 0 epochs without improvement
2026-03-06 07:21:50,106 ----------------------------------------------------------------------------------------------------
2026-03-06 07:38:52,297 epoch 4 - iter 265/2657 - loss 0.84498800 - time (sec): 1022.17 - samples/sec: 8.29 - lr: 0.000050 - momentum: 0.000000
2026-03-06 07:55:53,754 epoch 4 - iter 530/2657 - loss 0.84584442 - time (sec): 2043.62 - samples/sec: 8.30 - lr: 0.000050 - momentum: 0.000000
2026-03-06 08:13:33,787 epoch 4 - iter 795/2657 - loss 0.84570748 - time (sec): 3103.65 - samples/sec: 8.19 - lr: 0.000050 - momentum: 0.000000
2026-03-06 08:30:11,342 epoch 4 - iter 1060/2657 - loss 0.84287169 - time (sec): 4101.21 - samples/sec: 8.27 - lr: 0.000050 - momentum: 0.000000
2026-03-06 08:48:25,027 epoch 4 - iter 1325/2657 - loss 0.84380023 - time (sec): 5194.90 - samples/sec: 8.16 - lr: 0.000050 - momentum: 0.000000
2026-03-06 09:10:54,015 epoch 4 - iter 1590/2657 - loss 0.84374080 - time (sec): 6543.90 - samples/sec: 7.77 - lr: 0.000050 - momentum: 0.000000
2026-03-06 09:33:03,566 epoch 4 - iter 1855/2657 - loss 0.84312971 - time (sec): 7873.44 - samples/sec: 7.54 - lr: 0.000050 - momentum: 0.000000
2026-03-06 09:56:29,417 epoch 4 - iter 2120/2657 - loss 0.84293459 - time (sec): 9279.28 - samples/sec: 7.31 - lr: 0.000050 - momentum: 0.000000
2026-03-06 10:20:33,150 epoch 4 - iter 2385/2657 - loss 0.84141188 - time (sec): 10723.01 - samples/sec: 7.12 - lr: 0.000050 - momentum: 0.000000
2026-03-06 10:44:20,610 epoch 4 - iter 2650/2657 - loss 0.84049632 - time (sec): 12150.47 - samples/sec: 6.98 - lr: 0.000050 - momentum: 0.000000
2026-03-06 10:45:15,019 ----------------------------------------------------------------------------------------------------
2026-03-06 10:45:15,029 EPOCH 4 done: loss 0.8405 - lr: 0.000050
2026-03-06 10:45:15,042  - 0 epochs without improvement
2026-03-06 10:45:15,063 ----------------------------------------------------------------------------------------------------
2026-03-06 11:07:36,769 epoch 5 - iter 265/2657 - loss 0.82614342 - time (sec): 1341.67 - samples/sec: 6.32 - lr: 0.000050 - momentum: 0.000000
2026-03-06 11:31:38,841 epoch 5 - iter 530/2657 - loss 0.82669610 - time (sec): 2783.75 - samples/sec: 6.09 - lr: 0.000050 - momentum: 0.000000
2026-03-06 11:56:57,711 epoch 5 - iter 795/2657 - loss 0.83281442 - time (sec): 4302.61 - samples/sec: 5.91 - lr: 0.000050 - momentum: 0.000000
2026-03-06 12:21:27,362 epoch 5 - iter 1060/2657 - loss 0.83039336 - time (sec): 5772.27 - samples/sec: 5.88 - lr: 0.000050 - momentum: 0.000000
2026-03-06 12:44:46,611 epoch 5 - iter 1325/2657 - loss 0.83286465 - time (sec): 7171.52 - samples/sec: 5.91 - lr: 0.000050 - momentum: 0.000000
2026-03-06 13:07:39,036 epoch 5 - iter 1590/2657 - loss 0.83191233 - time (sec): 8543.94 - samples/sec: 5.95 - lr: 0.000050 - momentum: 0.000000
2026-03-06 13:31:15,179 epoch 5 - iter 1855/2657 - loss 0.83139299 - time (sec): 9960.09 - samples/sec: 5.96 - lr: 0.000050 - momentum: 0.000000
2026-03-06 13:53:24,917 epoch 5 - iter 2120/2657 - loss 0.83098826 - time (sec): 11289.82 - samples/sec: 6.01 - lr: 0.000050 - momentum: 0.000000
2026-03-06 14:16:35,618 epoch 5 - iter 2385/2657 - loss 0.82950446 - time (sec): 12680.53 - samples/sec: 6.02 - lr: 0.000050 - momentum: 0.000000
2026-03-06 14:38:31,434 epoch 5 - iter 2650/2657 - loss 0.82889968 - time (sec): 13996.35 - samples/sec: 6.06 - lr: 0.000050 - momentum: 0.000000
2026-03-06 14:39:12,893 ----------------------------------------------------------------------------------------------------
2026-03-06 14:39:12,894 EPOCH 5 done: loss 0.8288 - lr: 0.000050
2026-03-06 14:39:12,896  - 0 epochs without improvement
2026-03-06 14:39:12,910 ----------------------------------------------------------------------------------------------------
2026-03-06 15:03:00,102 epoch 6 - iter 265/2657 - loss 0.81136073 - time (sec): 1427.18 - samples/sec: 5.94 - lr: 0.000050 - momentum: 0.000000
2026-03-06 15:27:38,005 epoch 6 - iter 530/2657 - loss 0.82307811 - time (sec): 2905.09 - samples/sec: 5.84 - lr: 0.000050 - momentum: 0.000000
2026-03-06 15:49:47,897 epoch 6 - iter 795/2657 - loss 0.82362869 - time (sec): 4234.98 - samples/sec: 6.01 - lr: 0.000050 - momentum: 0.000000
2026-03-06 16:13:12,920 epoch 6 - iter 1060/2657 - loss 0.82289956 - time (sec): 5640.00 - samples/sec: 6.01 - lr: 0.000050 - momentum: 0.000000
2026-03-06 16:36:39,105 epoch 6 - iter 1325/2657 - loss 0.82189661 - time (sec): 7046.18 - samples/sec: 6.02 - lr: 0.000050 - momentum: 0.000000
2026-03-06 16:59:58,591 epoch 6 - iter 1590/2657 - loss 0.82217233 - time (sec): 8445.66 - samples/sec: 6.02 - lr: 0.000050 - momentum: 0.000000
2026-03-06 17:24:31,285 epoch 6 - iter 1855/2657 - loss 0.82131199 - time (sec): 9918.36 - samples/sec: 5.98 - lr: 0.000050 - momentum: 0.000000
2026-03-06 17:47:01,521 epoch 6 - iter 2120/2657 - loss 0.82022989 - time (sec): 11268.60 - samples/sec: 6.02 - lr: 0.000050 - momentum: 0.000000
2026-03-06 18:10:12,197 epoch 6 - iter 2385/2657 - loss 0.81953538 - time (sec): 12659.26 - samples/sec: 6.03 - lr: 0.000050 - momentum: 0.000000
2026-03-06 18:38:55,842 epoch 6 - iter 2650/2657 - loss 0.81908277 - time (sec): 14382.91 - samples/sec: 5.89 - lr: 0.000050 - momentum: 0.000000
2026-03-06 18:40:17,033 ----------------------------------------------------------------------------------------------------
2026-03-06 18:40:17,036 EPOCH 6 done: loss 0.8193 - lr: 0.000050
2026-03-06 18:40:17,045  - 0 epochs without improvement
2026-03-06 18:40:17,068 ----------------------------------------------------------------------------------------------------
2026-03-06 19:08:40,779 epoch 7 - iter 265/2657 - loss 0.81265989 - time (sec): 1703.67 - samples/sec: 4.98 - lr: 0.000050 - momentum: 0.000000
2026-03-06 19:49:15,001 epoch 7 - iter 530/2657 - loss 0.80526847 - time (sec): 4137.91 - samples/sec: 4.10 - lr: 0.000050 - momentum: 0.000000
2026-03-06 20:23:47,843 epoch 7 - iter 795/2657 - loss 0.80835620 - time (sec): 6210.75 - samples/sec: 4.10 - lr: 0.000050 - momentum: 0.000000
2026-03-06 20:52:27,398 epoch 7 - iter 1060/2657 - loss 0.81300440 - time (sec): 7930.31 - samples/sec: 4.28 - lr: 0.000050 - momentum: 0.000000
2026-03-06 21:21:28,818 epoch 7 - iter 1325/2657 - loss 0.81179899 - time (sec): 9671.73 - samples/sec: 4.38 - lr: 0.000050 - momentum: 0.000000
2026-03-06 21:47:05,032 epoch 7 - iter 1590/2657 - loss 0.81241157 - time (sec): 11207.94 - samples/sec: 4.54 - lr: 0.000050 - momentum: 0.000000
2026-03-06 22:13:16,619 epoch 7 - iter 1855/2657 - loss 0.81256035 - time (sec): 12779.52 - samples/sec: 4.64 - lr: 0.000050 - momentum: 0.000000
2026-03-06 22:37:43,427 epoch 7 - iter 2120/2657 - loss 0.81240610 - time (sec): 14246.34 - samples/sec: 4.76 - lr: 0.000050 - momentum: 0.000000
2026-03-06 23:03:12,472 epoch 7 - iter 2385/2657 - loss 0.81258091 - time (sec): 15775.38 - samples/sec: 4.84 - lr: 0.000050 - momentum: 0.000000
2026-03-06 23:28:41,431 epoch 7 - iter 2650/2657 - loss 0.81126904 - time (sec): 17304.35 - samples/sec: 4.90 - lr: 0.000050 - momentum: 0.000000
2026-03-06 23:29:26,987 ----------------------------------------------------------------------------------------------------
2026-03-06 23:29:26,988 EPOCH 7 done: loss 0.8112 - lr: 0.000050
2026-03-06 23:29:26,988  - 0 epochs without improvement
2026-03-06 23:29:26,996 ----------------------------------------------------------------------------------------------------
2026-03-06 23:52:58,942 epoch 8 - iter 265/2657 - loss 0.79683606 - time (sec): 1411.93 - samples/sec: 6.01 - lr: 0.000050 - momentum: 0.000000
2026-03-07 00:19:50,622 epoch 8 - iter 530/2657 - loss 0.80029452 - time (sec): 3023.62 - samples/sec: 5.61 - lr: 0.000050 - momentum: 0.000000
2026-03-07 00:40:30,045 epoch 8 - iter 795/2657 - loss 0.79973717 - time (sec): 4263.04 - samples/sec: 5.97 - lr: 0.000050 - momentum: 0.000000
2026-03-07 01:00:54,178 epoch 8 - iter 1060/2657 - loss 0.79936643 - time (sec): 5487.17 - samples/sec: 6.18 - lr: 0.000050 - momentum: 0.000000
2026-03-07 01:17:34,500 epoch 8 - iter 1325/2657 - loss 0.79932167 - time (sec): 6487.49 - samples/sec: 6.53 - lr: 0.000050 - momentum: 0.000000
2026-03-07 01:36:14,318 epoch 8 - iter 1590/2657 - loss 0.80062164 - time (sec): 7607.31 - samples/sec: 6.69 - lr: 0.000050 - momentum: 0.000000
2026-03-07 01:54:53,832 epoch 8 - iter 1855/2657 - loss 0.80080686 - time (sec): 8726.83 - samples/sec: 6.80 - lr: 0.000050 - momentum: 0.000000
2026-03-07 02:13:38,324 epoch 8 - iter 2120/2657 - loss 0.80162820 - time (sec): 9851.31 - samples/sec: 6.89 - lr: 0.000050 - momentum: 0.000000
2026-03-07 02:31:51,156 epoch 8 - iter 2385/2657 - loss 0.80189318 - time (sec): 10944.14 - samples/sec: 6.97 - lr: 0.000050 - momentum: 0.000000
2026-03-07 02:51:06,550 epoch 8 - iter 2650/2657 - loss 0.80294829 - time (sec): 12099.53 - samples/sec: 7.01 - lr: 0.000050 - momentum: 0.000000
2026-03-07 02:51:25,868 ----------------------------------------------------------------------------------------------------
2026-03-07 02:51:25,871 EPOCH 8 done: loss 0.8030 - lr: 0.000050
2026-03-07 02:51:25,885  - 0 epochs without improvement
2026-03-07 02:51:25,906 ----------------------------------------------------------------------------------------------------
2026-03-07 03:10:28,680 epoch 9 - iter 265/2657 - loss 0.79073922 - time (sec): 1142.75 - samples/sec: 7.42 - lr: 0.000050 - momentum: 0.000000
2026-03-07 03:29:50,045 epoch 9 - iter 530/2657 - loss 0.79179281 - time (sec): 2304.12 - samples/sec: 7.36 - lr: 0.000050 - momentum: 0.000000
2026-03-07 03:47:24,682 epoch 9 - iter 795/2657 - loss 0.79288056 - time (sec): 3358.76 - samples/sec: 7.57 - lr: 0.000050 - momentum: 0.000000
2026-03-07 04:06:08,079 epoch 9 - iter 1060/2657 - loss 0.79423795 - time (sec): 4482.13 - samples/sec: 7.57 - lr: 0.000050 - momentum: 0.000000
2026-03-07 04:25:02,189 epoch 9 - iter 1325/2657 - loss 0.79499007 - time (sec): 5616.25 - samples/sec: 7.55 - lr: 0.000050 - momentum: 0.000000
2026-03-07 04:43:26,990 epoch 9 - iter 1590/2657 - loss 0.79638653 - time (sec): 6721.05 - samples/sec: 7.57 - lr: 0.000050 - momentum: 0.000000
2026-03-07 05:00:46,527 epoch 9 - iter 1855/2657 - loss 0.79603618 - time (sec): 7760.60 - samples/sec: 7.65 - lr: 0.000050 - momentum: 0.000000
2026-03-07 05:20:10,485 epoch 9 - iter 2120/2657 - loss 0.79605108 - time (sec): 8924.56 - samples/sec: 7.60 - lr: 0.000050 - momentum: 0.000000
2026-03-07 05:38:14,858 epoch 9 - iter 2385/2657 - loss 0.79616329 - time (sec): 10008.92 - samples/sec: 7.62 - lr: 0.000050 - momentum: 0.000000
2026-03-07 05:56:15,493 epoch 9 - iter 2650/2657 - loss 0.79578621 - time (sec): 11089.57 - samples/sec: 7.65 - lr: 0.000050 - momentum: 0.000000
2026-03-07 05:56:51,814 ----------------------------------------------------------------------------------------------------
2026-03-07 05:56:51,814 EPOCH 9 done: loss 0.7957 - lr: 0.000050
2026-03-07 05:56:51,816  - 0 epochs without improvement
2026-03-07 05:56:51,823 ----------------------------------------------------------------------------------------------------
2026-03-07 06:15:43,185 epoch 10 - iter 265/2657 - loss 0.78260809 - time (sec): 1131.35 - samples/sec: 7.49 - lr: 0.000050 - momentum: 0.000000
2026-03-07 06:33:28,952 epoch 10 - iter 530/2657 - loss 0.78320723 - time (sec): 2197.10 - samples/sec: 7.72 - lr: 0.000050 - momentum: 0.000000
2026-03-07 06:51:41,361 epoch 10 - iter 795/2657 - loss 0.78579447 - time (sec): 3289.52 - samples/sec: 7.73 - lr: 0.000050 - momentum: 0.000000
2026-03-07 07:09:50,608 epoch 10 - iter 1060/2657 - loss 0.78359387 - time (sec): 4378.75 - samples/sec: 7.74 - lr: 0.000050 - momentum: 0.000000
2026-03-07 07:28:52,668 epoch 10 - iter 1325/2657 - loss 0.78660718 - time (sec): 5520.82 - samples/sec: 7.68 - lr: 0.000050 - momentum: 0.000000
2026-03-07 07:47:16,728 epoch 10 - iter 1590/2657 - loss 0.78722870 - time (sec): 6624.89 - samples/sec: 7.68 - lr: 0.000050 - momentum: 0.000000
2026-03-07 08:05:13,500 epoch 10 - iter 1855/2657 - loss 0.78855233 - time (sec): 7701.66 - samples/sec: 7.71 - lr: 0.000050 - momentum: 0.000000
2026-03-07 08:24:50,036 epoch 10 - iter 2120/2657 - loss 0.78884856 - time (sec): 8878.20 - samples/sec: 7.64 - lr: 0.000050 - momentum: 0.000000
2026-03-07 08:43:13,101 epoch 10 - iter 2385/2657 - loss 0.78806489 - time (sec): 9981.27 - samples/sec: 7.65 - lr: 0.000050 - momentum: 0.000000
2026-03-07 09:02:45,446 epoch 10 - iter 2650/2657 - loss 0.78853659 - time (sec): 11153.60 - samples/sec: 7.60 - lr: 0.000050 - momentum: 0.000000
2026-03-07 09:03:16,344 ----------------------------------------------------------------------------------------------------
2026-03-07 09:03:16,344 EPOCH 10 done: loss 0.7885 - lr: 0.000050
2026-03-07 09:03:16,351  - 0 epochs without improvement
2026-03-07 09:03:16,366 ----------------------------------------------------------------------------------------------------
2026-03-07 09:23:16,500 epoch 11 - iter 265/2657 - loss 0.78978502 - time (sec): 1200.11 - samples/sec: 7.07 - lr: 0.000050 - momentum: 0.000000
2026-03-07 09:44:26,833 epoch 11 - iter 530/2657 - loss 0.78644500 - time (sec): 2470.44 - samples/sec: 6.86 - lr: 0.000050 - momentum: 0.000000
2026-03-07 10:10:42,933 epoch 11 - iter 795/2657 - loss 0.78422266 - time (sec): 4046.54 - samples/sec: 6.29 - lr: 0.000050 - momentum: 0.000000
2026-03-07 10:34:33,595 epoch 11 - iter 1060/2657 - loss 0.78413624 - time (sec): 5477.20 - samples/sec: 6.19 - lr: 0.000050 - momentum: 0.000000
2026-03-07 11:11:55,307 epoch 11 - iter 1325/2657 - loss 0.78289034 - time (sec): 7718.91 - samples/sec: 5.49 - lr: 0.000050 - momentum: 0.000000
2026-03-07 11:48:25,086 epoch 11 - iter 1590/2657 - loss 0.78391285 - time (sec): 9908.70 - samples/sec: 5.13 - lr: 0.000050 - momentum: 0.000000
2026-03-07 12:24:42,503 epoch 11 - iter 1855/2657 - loss 0.78341667 - time (sec): 12086.12 - samples/sec: 4.91 - lr: 0.000050 - momentum: 0.000000
2026-03-07 12:47:45,974 epoch 11 - iter 2120/2657 - loss 0.78504244 - time (sec): 13469.59 - samples/sec: 5.04 - lr: 0.000050 - momentum: 0.000000
2026-03-07 13:10:59,203 epoch 11 - iter 2385/2657 - loss 0.78437119 - time (sec): 14862.82 - samples/sec: 5.13 - lr: 0.000050 - momentum: 0.000000
2026-03-07 13:33:47,862 epoch 11 - iter 2650/2657 - loss 0.78495947 - time (sec): 16231.48 - samples/sec: 5.22 - lr: 0.000050 - momentum: 0.000000
2026-03-07 13:34:47,830 ----------------------------------------------------------------------------------------------------
2026-03-07 13:34:47,832 EPOCH 11 done: loss 0.7850 - lr: 0.000050
2026-03-07 13:34:47,838  - 0 epochs without improvement
2026-03-07 13:34:47,854 ----------------------------------------------------------------------------------------------------
2026-03-07 13:59:07,158 epoch 12 - iter 265/2657 - loss 0.78082645 - time (sec): 1459.28 - samples/sec: 5.81 - lr: 0.000050 - momentum: 0.000000
2026-03-07 14:22:48,774 epoch 12 - iter 530/2657 - loss 0.77505356 - time (sec): 2880.90 - samples/sec: 5.89 - lr: 0.000050 - momentum: 0.000000
2026-03-07 14:47:42,119 epoch 12 - iter 795/2657 - loss 0.77261658 - time (sec): 4374.25 - samples/sec: 5.82 - lr: 0.000050 - momentum: 0.000000
2026-03-07 15:12:27,103 epoch 12 - iter 1060/2657 - loss 0.77278910 - time (sec): 5859.23 - samples/sec: 5.79 - lr: 0.000050 - momentum: 0.000000
2026-03-07 15:38:30,809 epoch 12 - iter 1325/2657 - loss 0.77395053 - time (sec): 7422.94 - samples/sec: 5.71 - lr: 0.000050 - momentum: 0.000000
2026-03-07 16:03:53,845 epoch 12 - iter 1590/2657 - loss 0.77433613 - time (sec): 8945.98 - samples/sec: 5.69 - lr: 0.000050 - momentum: 0.000000
2026-03-07 16:33:39,170 epoch 12 - iter 1855/2657 - loss 0.77601658 - time (sec): 10731.28 - samples/sec: 5.53 - lr: 0.000050 - momentum: 0.000000
2026-03-07 17:00:43,285 epoch 12 - iter 2120/2657 - loss 0.77673068 - time (sec): 12355.39 - samples/sec: 5.49 - lr: 0.000050 - momentum: 0.000000
2026-03-07 17:24:48,160 epoch 12 - iter 2385/2657 - loss 0.77771076 - time (sec): 13800.28 - samples/sec: 5.53 - lr: 0.000050 - momentum: 0.000000
2026-03-07 17:48:33,856 epoch 12 - iter 2650/2657 - loss 0.77722692 - time (sec): 15225.98 - samples/sec: 5.57 - lr: 0.000050 - momentum: 0.000000
2026-03-07 17:49:07,442 ----------------------------------------------------------------------------------------------------
2026-03-07 17:49:07,443 EPOCH 12 done: loss 0.7771 - lr: 0.000050
2026-03-07 17:49:07,449  - 0 epochs without improvement
2026-03-07 17:49:07,463 ----------------------------------------------------------------------------------------------------
2026-03-07 18:11:04,765 epoch 13 - iter 265/2657 - loss 0.77206933 - time (sec): 1317.28 - samples/sec: 6.44 - lr: 0.000050 - momentum: 0.000000
2026-03-07 18:35:49,405 epoch 13 - iter 530/2657 - loss 0.77186775 - time (sec): 2801.93 - samples/sec: 6.05 - lr: 0.000050 - momentum: 0.000000
2026-03-07 18:59:58,663 epoch 13 - iter 795/2657 - loss 0.76784450 - time (sec): 4251.18 - samples/sec: 5.98 - lr: 0.000050 - momentum: 0.000000
2026-03-07 19:28:34,720 epoch 13 - iter 1060/2657 - loss 0.77204668 - time (sec): 5967.24 - samples/sec: 5.68 - lr: 0.000050 - momentum: 0.000000
2026-03-07 19:51:04,316 epoch 13 - iter 1325/2657 - loss 0.77111289 - time (sec): 7316.83 - samples/sec: 5.79 - lr: 0.000050 - momentum: 0.000000
2026-03-07 20:18:11,724 epoch 13 - iter 1590/2657 - loss 0.77163791 - time (sec): 8944.23 - samples/sec: 5.69 - lr: 0.000050 - momentum: 0.000000
2026-03-07 21:00:34,059 epoch 13 - iter 1855/2657 - loss 0.77312583 - time (sec): 11486.58 - samples/sec: 5.17 - lr: 0.000050 - momentum: 0.000000
2026-03-07 21:39:45,463 epoch 13 - iter 2120/2657 - loss 0.77284722 - time (sec): 13837.98 - samples/sec: 4.90 - lr: 0.000050 - momentum: 0.000000
2026-03-07 22:08:35,295 epoch 13 - iter 2385/2657 - loss 0.77239621 - time (sec): 15567.81 - samples/sec: 4.90 - lr: 0.000050 - momentum: 0.000000
2026-03-07 22:34:06,242 epoch 13 - iter 2650/2657 - loss 0.77240514 - time (sec): 17098.76 - samples/sec: 4.96 - lr: 0.000050 - momentum: 0.000000
2026-03-07 22:34:36,165 ----------------------------------------------------------------------------------------------------
2026-03-07 22:34:36,166 EPOCH 13 done: loss 0.7724 - lr: 0.000050
2026-03-07 22:34:36,174  - 0 epochs without improvement
2026-03-07 22:34:36,196 ----------------------------------------------------------------------------------------------------
2026-03-07 22:59:36,391 epoch 14 - iter 265/2657 - loss 0.77156941 - time (sec): 1500.18 - samples/sec: 5.65 - lr: 0.000050 - momentum: 0.000000
2026-03-07 23:23:47,470 epoch 14 - iter 530/2657 - loss 0.77196905 - time (sec): 2951.26 - samples/sec: 5.75 - lr: 0.000050 - momentum: 0.000000
2026-03-07 23:50:01,395 epoch 14 - iter 795/2657 - loss 0.76742876 - time (sec): 4525.18 - samples/sec: 5.62 - lr: 0.000050 - momentum: 0.000000
2026-03-08 00:16:49,049 epoch 14 - iter 1060/2657 - loss 0.76679663 - time (sec): 6132.84 - samples/sec: 5.53 - lr: 0.000050 - momentum: 0.000000
2026-03-08 00:34:49,800 epoch 14 - iter 1325/2657 - loss 0.76685585 - time (sec): 7213.58 - samples/sec: 5.88 - lr: 0.000050 - momentum: 0.000000
2026-03-08 00:53:12,660 epoch 14 - iter 1590/2657 - loss 0.76708291 - time (sec): 8316.43 - samples/sec: 6.12 - lr: 0.000050 - momentum: 0.000000
2026-03-08 01:11:42,158 epoch 14 - iter 1855/2657 - loss 0.76653098 - time (sec): 9425.94 - samples/sec: 6.30 - lr: 0.000050 - momentum: 0.000000
2026-03-08 01:31:33,731 epoch 14 - iter 2120/2657 - loss 0.76829767 - time (sec): 10617.51 - samples/sec: 6.39 - lr: 0.000050 - momentum: 0.000000
2026-03-08 01:49:53,199 epoch 14 - iter 2385/2657 - loss 0.76786631 - time (sec): 11716.98 - samples/sec: 6.51 - lr: 0.000050 - momentum: 0.000000
2026-03-08 02:07:51,817 epoch 14 - iter 2650/2657 - loss 0.76681214 - time (sec): 12795.59 - samples/sec: 6.63 - lr: 0.000050 - momentum: 0.000000
2026-03-08 02:08:21,447 ----------------------------------------------------------------------------------------------------
2026-03-08 02:08:21,448 EPOCH 14 done: loss 0.7667 - lr: 0.000050
2026-03-08 02:08:21,453  - 0 epochs without improvement
2026-03-08 02:08:21,465 ----------------------------------------------------------------------------------------------------
2026-03-08 02:25:30,791 epoch 15 - iter 265/2657 - loss 0.75537545 - time (sec): 1029.31 - samples/sec: 8.24 - lr: 0.000050 - momentum: 0.000000
2026-03-08 02:43:24,956 epoch 15 - iter 530/2657 - loss 0.75536564 - time (sec): 2103.47 - samples/sec: 8.06 - lr: 0.000050 - momentum: 0.000000
2026-03-08 03:02:06,197 epoch 15 - iter 795/2657 - loss 0.75649215 - time (sec): 3224.71 - samples/sec: 7.89 - lr: 0.000050 - momentum: 0.000000
2026-03-08 03:20:24,277 epoch 15 - iter 1060/2657 - loss 0.75644417 - time (sec): 4322.79 - samples/sec: 7.84 - lr: 0.000050 - momentum: 0.000000
2026-03-08 03:39:07,389 epoch 15 - iter 1325/2657 - loss 0.75794450 - time (sec): 5445.90 - samples/sec: 7.78 - lr: 0.000050 - momentum: 0.000000
2026-03-08 03:59:40,027 epoch 15 - iter 1590/2657 - loss 0.75937802 - time (sec): 6678.53 - samples/sec: 7.62 - lr: 0.000050 - momentum: 0.000000
2026-03-08 04:18:17,807 epoch 15 - iter 1855/2657 - loss 0.76067456 - time (sec): 7796.31 - samples/sec: 7.61 - lr: 0.000050 - momentum: 0.000000
2026-03-08 04:37:16,672 epoch 15 - iter 2120/2657 - loss 0.76153495 - time (sec): 8935.17 - samples/sec: 7.59 - lr: 0.000050 - momentum: 0.000000
2026-03-08 04:56:16,667 epoch 15 - iter 2385/2657 - loss 0.76249472 - time (sec): 10075.18 - samples/sec: 7.57 - lr: 0.000050 - momentum: 0.000000
2026-03-08 05:13:58,908 epoch 15 - iter 2650/2657 - loss 0.76293990 - time (sec): 11137.41 - samples/sec: 7.61 - lr: 0.000050 - momentum: 0.000000
2026-03-08 05:14:15,961 ----------------------------------------------------------------------------------------------------
2026-03-08 05:14:15,963 EPOCH 15 done: loss 0.7630 - lr: 0.000050
2026-03-08 05:14:15,978  - 0 epochs without improvement
2026-03-08 05:14:16,011 ----------------------------------------------------------------------------------------------------
2026-03-08 05:33:14,991 epoch 16 - iter 265/2657 - loss 0.74687152 - time (sec): 1138.96 - samples/sec: 7.44 - lr: 0.000050 - momentum: 0.000000
2026-03-08 05:50:08,094 epoch 16 - iter 530/2657 - loss 0.74483178 - time (sec): 2152.05 - samples/sec: 7.88 - lr: 0.000050 - momentum: 0.000000
2026-03-08 06:09:27,813 epoch 16 - iter 795/2657 - loss 0.74647651 - time (sec): 3311.77 - samples/sec: 7.68 - lr: 0.000050 - momentum: 0.000000
2026-03-08 06:28:00,081 epoch 16 - iter 1060/2657 - loss 0.75144188 - time (sec): 4424.03 - samples/sec: 7.67 - lr: 0.000050 - momentum: 0.000000
2026-03-08 06:46:11,490 epoch 16 - iter 1325/2657 - loss 0.75258606 - time (sec): 5515.44 - samples/sec: 7.69 - lr: 0.000050 - momentum: 0.000000
2026-03-08 07:04:17,000 epoch 16 - iter 1590/2657 - loss 0.75277834 - time (sec): 6600.96 - samples/sec: 7.71 - lr: 0.000050 - momentum: 0.000000
2026-03-08 07:22:23,892 epoch 16 - iter 1855/2657 - loss 0.75603311 - time (sec): 7687.85 - samples/sec: 7.72 - lr: 0.000050 - momentum: 0.000000
2026-03-08 07:41:12,053 epoch 16 - iter 2120/2657 - loss 0.75663062 - time (sec): 8816.02 - samples/sec: 7.69 - lr: 0.000050 - momentum: 0.000000
2026-03-08 08:00:12,286 epoch 16 - iter 2385/2657 - loss 0.75693687 - time (sec): 9956.24 - samples/sec: 7.66 - lr: 0.000050 - momentum: 0.000000
2026-03-08 08:17:27,812 epoch 16 - iter 2650/2657 - loss 0.75673538 - time (sec): 10991.78 - samples/sec: 7.71 - lr: 0.000050 - momentum: 0.000000
2026-03-08 08:17:48,794 ----------------------------------------------------------------------------------------------------
2026-03-08 08:17:48,795 EPOCH 16 done: loss 0.7565 - lr: 0.000050
2026-03-08 08:17:48,799  - 0 epochs without improvement
2026-03-08 08:17:48,813 ----------------------------------------------------------------------------------------------------
2026-03-08 08:35:57,743 epoch 17 - iter 265/2657 - loss 0.74566269 - time (sec): 1088.91 - samples/sec: 7.78 - lr: 0.000050 - momentum: 0.000000
2026-03-08 08:54:11,242 epoch 17 - iter 530/2657 - loss 0.74914179 - time (sec): 2182.41 - samples/sec: 7.77 - lr: 0.000050 - momentum: 0.000000
2026-03-08 09:12:51,322 epoch 17 - iter 795/2657 - loss 0.74902173 - time (sec): 3302.48 - samples/sec: 7.70 - lr: 0.000050 - momentum: 0.000000
2026-03-08 09:33:26,249 epoch 17 - iter 1060/2657 - loss 0.75245757 - time (sec): 4537.42 - samples/sec: 7.47 - lr: 0.000050 - momentum: 0.000000
2026-03-08 09:52:33,228 epoch 17 - iter 1325/2657 - loss 0.75476600 - time (sec): 5684.38 - samples/sec: 7.46 - lr: 0.000050 - momentum: 0.000000
2026-03-08 10:11:32,163 epoch 17 - iter 1590/2657 - loss 0.75650026 - time (sec): 6823.33 - samples/sec: 7.46 - lr: 0.000050 - momentum: 0.000000
2026-03-08 10:31:40,500 epoch 17 - iter 1855/2657 - loss 0.75599135 - time (sec): 8031.66 - samples/sec: 7.39 - lr: 0.000050 - momentum: 0.000000
2026-03-08 10:57:01,092 epoch 17 - iter 2120/2657 - loss 0.75423476 - time (sec): 9552.26 - samples/sec: 7.10 - lr: 0.000050 - momentum: 0.000000
2026-03-08 11:22:42,603 epoch 17 - iter 2385/2657 - loss 0.75373869 - time (sec): 11093.78 - samples/sec: 6.88 - lr: 0.000050 - momentum: 0.000000
2026-03-08 11:47:51,087 epoch 17 - iter 2650/2657 - loss 0.75345584 - time (sec): 12602.26 - samples/sec: 6.73 - lr: 0.000050 - momentum: 0.000000
2026-03-08 11:48:38,009 ----------------------------------------------------------------------------------------------------
2026-03-08 11:48:38,010 EPOCH 17 done: loss 0.7535 - lr: 0.000050
2026-03-08 11:48:38,021  - 0 epochs without improvement
2026-03-08 11:48:38,052 ----------------------------------------------------------------------------------------------------
2026-03-08 12:18:07,722 epoch 18 - iter 265/2657 - loss 0.74124021 - time (sec): 1769.63 - samples/sec: 4.79 - lr: 0.000050 - momentum: 0.000000
2026-03-08 12:44:29,461 epoch 18 - iter 530/2657 - loss 0.75593589 - time (sec): 3351.35 - samples/sec: 5.06 - lr: 0.000050 - momentum: 0.000000
2026-03-08 13:10:25,780 epoch 18 - iter 795/2657 - loss 0.75395057 - time (sec): 4907.69 - samples/sec: 5.18 - lr: 0.000050 - momentum: 0.000000
2026-03-08 13:37:31,946 epoch 18 - iter 1060/2657 - loss 0.75402030 - time (sec): 6533.87 - samples/sec: 5.19 - lr: 0.000050 - momentum: 0.000000
2026-03-08 14:06:05,612 epoch 18 - iter 1325/2657 - loss 0.75383960 - time (sec): 8247.53 - samples/sec: 5.14 - lr: 0.000050 - momentum: 0.000000
2026-03-08 14:34:12,337 epoch 18 - iter 1590/2657 - loss 0.75300604 - time (sec): 9934.26 - samples/sec: 5.12 - lr: 0.000050 - momentum: 0.000000
2026-03-08 15:03:20,846 epoch 18 - iter 1855/2657 - loss 0.75205589 - time (sec): 11682.77 - samples/sec: 5.08 - lr: 0.000050 - momentum: 0.000000
2026-03-08 15:29:21,085 epoch 18 - iter 2120/2657 - loss 0.75074651 - time (sec): 13243.01 - samples/sec: 5.12 - lr: 0.000050 - momentum: 0.000000
2026-03-08 15:53:53,536 epoch 18 - iter 2385/2657 - loss 0.75072465 - time (sec): 14715.45 - samples/sec: 5.19 - lr: 0.000050 - momentum: 0.000000
2026-03-08 16:22:34,900 epoch 18 - iter 2650/2657 - loss 0.75181818 - time (sec): 16436.82 - samples/sec: 5.16 - lr: 0.000050 - momentum: 0.000000
2026-03-08 16:23:19,885 ----------------------------------------------------------------------------------------------------
2026-03-08 16:23:19,886 EPOCH 18 done: loss 0.7516 - lr: 0.000050
2026-03-08 16:23:19,901  - 0 epochs without improvement
2026-03-08 16:23:19,933 ----------------------------------------------------------------------------------------------------
2026-03-08 16:50:02,524 epoch 19 - iter 265/2657 - loss 0.73926896 - time (sec): 1602.55 - samples/sec: 5.29 - lr: 0.000050 - momentum: 0.000000
2026-03-08 17:16:31,403 epoch 19 - iter 530/2657 - loss 0.74112226 - time (sec): 3191.43 - samples/sec: 5.31 - lr: 0.000050 - momentum: 0.000000
2026-03-08 17:43:02,480 epoch 19 - iter 795/2657 - loss 0.74318166 - time (sec): 4782.52 - samples/sec: 5.32 - lr: 0.000050 - momentum: 0.000000
2026-03-08 18:08:41,573 epoch 19 - iter 1060/2657 - loss 0.74313607 - time (sec): 6321.61 - samples/sec: 5.36 - lr: 0.000050 - momentum: 0.000000
2026-03-08 18:32:36,242 epoch 19 - iter 1325/2657 - loss 0.74338245 - time (sec): 7756.28 - samples/sec: 5.47 - lr: 0.000050 - momentum: 0.000000
2026-03-08 18:57:56,156 epoch 19 - iter 1590/2657 - loss 0.74524830 - time (sec): 9276.19 - samples/sec: 5.48 - lr: 0.000050 - momentum: 0.000000
2026-03-08 19:27:21,352 epoch 19 - iter 1855/2657 - loss 0.74485769 - time (sec): 11041.39 - samples/sec: 5.38 - lr: 0.000050 - momentum: 0.000000
2026-03-08 20:01:25,164 epoch 19 - iter 2120/2657 - loss 0.74376120 - time (sec): 13085.19 - samples/sec: 5.18 - lr: 0.000050 - momentum: 0.000000
2026-03-08 20:37:51,418 epoch 19 - iter 2385/2657 - loss 0.74647244 - time (sec): 15271.44 - samples/sec: 5.00 - lr: 0.000050 - momentum: 0.000000
2026-03-08 21:15:13,916 epoch 19 - iter 2650/2657 - loss 0.74591742 - time (sec): 17513.95 - samples/sec: 4.84 - lr: 0.000050 - momentum: 0.000000
2026-03-08 21:16:21,109 ----------------------------------------------------------------------------------------------------
2026-03-08 21:16:21,110 EPOCH 19 done: loss 0.7458 - lr: 0.000050
2026-03-08 21:16:21,123  - 0 epochs without improvement
2026-03-08 21:16:21,144 ----------------------------------------------------------------------------------------------------
2026-03-08 21:40:41,869 epoch 20 - iter 265/2657 - loss 0.72402126 - time (sec): 1460.70 - samples/sec: 5.80 - lr: 0.000050 - momentum: 0.000000
2026-03-08 22:01:28,567 epoch 20 - iter 530/2657 - loss 0.72898666 - time (sec): 2707.40 - samples/sec: 6.26 - lr: 0.000050 - momentum: 0.000000
2026-03-08 22:26:40,079 epoch 20 - iter 795/2657 - loss 0.73359100 - time (sec): 4218.91 - samples/sec: 6.03 - lr: 0.000050 - momentum: 0.000000
2026-03-08 22:52:01,986 epoch 20 - iter 1060/2657 - loss 0.73578738 - time (sec): 5740.82 - samples/sec: 5.91 - lr: 0.000050 - momentum: 0.000000
2026-03-08 23:15:29,274 epoch 20 - iter 1325/2657 - loss 0.73684683 - time (sec): 7148.11 - samples/sec: 5.93 - lr: 0.000050 - momentum: 0.000000
2026-03-08 23:43:07,619 epoch 20 - iter 1590/2657 - loss 0.73906111 - time (sec): 8806.45 - samples/sec: 5.78 - lr: 0.000050 - momentum: 0.000000
2026-03-09 00:03:14,662 epoch 20 - iter 1855/2657 - loss 0.74169225 - time (sec): 10013.49 - samples/sec: 5.93 - lr: 0.000050 - momentum: 0.000000
2026-03-09 00:24:21,961 epoch 20 - iter 2120/2657 - loss 0.74242998 - time (sec): 11280.79 - samples/sec: 6.01 - lr: 0.000050 - momentum: 0.000000
2026-03-09 00:48:39,061 epoch 20 - iter 2385/2657 - loss 0.74133299 - time (sec): 12737.88 - samples/sec: 5.99 - lr: 0.000050 - momentum: 0.000000
