2026-10-01 19:02:27,792 | INFO | ============================================================
2026-10-01 19:02:27,793 | INFO | ОБУЧЕНИЕ МОДЕЛЕЙ АНАЛИЗА ТОНАЛЬНОСТИ
2026-10-01 19:02:27,793 | INFO | ============================================================
2026-10-01 19:02:27,793 | INFO | Дата запуска: 2026-10-01T16:02:27.793573+00:00
2026-10-01 19:02:27,793 | INFO | 
ТЕКУЩАЯ КОНФИГУРАЦИЯ:
2026-10-01 19:02:27,793 | INFO |   Файл данных:     data/sentiment_dataset_merged_3_shuffled.csv
2026-10-01 19:02:27,793 | INFO |   Колонка текста:  text
2026-10-01 19:02:27,793 | INFO |   Колонка меток:   label
2026-10-01 19:02:27,795 | INFO |   Тест:            20.0%
2026-10-01 19:02:27,795 | INFO |   GridSearch:      выкл
2026-10-01 19:02:27,795 | INFO |   CV-оценка:       вкл
2026-10-01 19:02:27,795 | INFO |   Ансамбль:        выкл
2026-10-01 19:02:27,795 | INFO |   Модели:          logistic_regression, svm_linear, sgd_log, complement_nb
2026-10-01 19:02:27,798 | INFO | 
Загрузка данных из data/sentiment_dataset_merged_3_shuffled.csv...
2026-10-01 19:02:32,450 | INFO | Загружено 483404 записей из 483404 (удалено 0 пустых)
2026-10-01 19:02:32,468 | INFO | 
Уникальные метки: <StringArray>
['POSITIVE', 'NEUTRAL', 'NEGATIVE']
Length: 3, dtype: str
2026-10-01 19:02:32,468 | INFO | 
Распределение меток:
2026-10-01 19:02:32,506 | INFO |   POSITIVE: 187644 (38.8%)
2026-10-01 19:02:32,547 | INFO |   NEUTRAL: 148626 (30.7%)
2026-10-01 19:02:32,594 | INFO |   NEGATIVE: 147134 (30.4%)
2026-10-01 19:02:33,126 | INFO | Найдены метки: ['NEGATIVE', 'NEUTRAL', 'POSITIVE']
2026-10-01 19:02:33,127 | INFO | Преобразованы в числа: {'NEGATIVE': 0, 'NEUTRAL': 1, 'POSITIVE': 2}
2026-10-01 19:02:33,292 | INFO | 
Размер обучающей выборки: 386723
2026-10-01 19:02:33,293 | INFO | Размер тестовой выборки:  96681
2026-10-01 19:02:33,329 | INFO | Веса классов: {np.int64(0): np.float64(1.0951571840813772), np.int64(1): np.float64(1.084159651026204), np.int64(2): np.float64(0.8587260877771487)}
2026-10-01 19:02:33,330 | INFO | 
Предобработка текстов (один раз)...
