2026-10-01 19:20:41,121 | INFO | ============================================================
2026-10-01 19:20:41,122 | INFO | ОБУЧЕНИЕ МОДЕЛЕЙ АНАЛИЗА ТОНАЛЬНОСТИ
2026-10-01 19:20:41,122 | INFO | ============================================================
2026-10-01 19:20:41,122 | INFO | Дата запуска: 2026-10-01T16:20:41.122025+00:00
2026-10-01 19:20:41,122 | INFO | 
ТЕКУЩАЯ КОНФИГУРАЦИЯ:
2026-10-01 19:20:41,122 | INFO |   Файл данных:     data/sentiment_dataset_merged_3_shuffled.csv
2026-10-01 19:20:41,122 | INFO |   Колонка текста:  text
2026-10-01 19:20:41,123 | INFO |   Колонка меток:   label
2026-10-01 19:20:41,124 | INFO |   Тест:            20.0%
2026-10-01 19:20:41,124 | INFO |   GridSearch:      выкл
2026-10-01 19:20:41,124 | INFO |   CV-оценка:       вкл
2026-10-01 19:20:41,124 | INFO |   Модели:          logistic_regression, svm_linear, random_forest
2026-10-01 19:20:41,125 | INFO | 
Загрузка данных из data/sentiment_dataset_merged_3_shuffled.csv...
2026-10-01 19:20:46,637 | INFO | Загружено 483404 записей из 483404 (удалено 0 пустых)
2026-10-01 19:20:46,655 | INFO | 
Уникальные метки: <StringArray>
['POSITIVE', 'NEUTRAL', 'NEGATIVE']
Length: 3, dtype: str
2026-10-01 19:20:46,655 | INFO | 
Распределение меток:
2026-10-01 19:20:46,698 | INFO |   POSITIVE: 187644 (38.8%)
2026-10-01 19:20:46,766 | INFO |   NEUTRAL: 148626 (30.7%)
2026-10-01 19:20:46,819 | INFO |   NEGATIVE: 147134 (30.4%)
2026-10-01 19:20:47,464 | INFO | Найдены метки: ['NEGATIVE', 'NEUTRAL', 'POSITIVE']
2026-10-01 19:20:47,464 | INFO | Преобразованы в числа: {'NEGATIVE': 0, 'NEUTRAL': 1, 'POSITIVE': 2}
2026-10-01 19:20:47,745 | INFO | 
Размер обучающей выборки: 386723
2026-10-01 19:20:47,745 | INFO | Размер тестовой выборки:  96681
2026-10-01 19:20:47,803 | INFO | Веса классов: {np.int64(0): np.float64(1.0951571840813772), np.int64(1): np.float64(1.084159651026204), np.int64(2): np.float64(0.8587260877771487)}
2026-10-01 19:20:47,803 | INFO | 
Предобработка текстов (один раз)...
2026-10-01 19:26:28,064 | INFO |   Готово: train=386723, test=96681
2026-10-01 19:26:28,065 | INFO | 
============================================================
2026-10-01 19:26:28,065 | INFO | Обучение модели: logistic_regression
2026-10-01 19:26:28,065 | INFO | ============================================================
2026-10-01 19:33:13,682 | INFO | CV f1_macro: 0.7017 ± 0.0017
2026-10-01 19:33:20,677 | INFO | 
Результаты на тестовой выборке:
2026-10-01 19:33:20,677 | INFO |   Accuracy:      0.7117
2026-10-01 19:33:20,678 | INFO |   F1 (macro):    0.7070
2026-10-01 19:33:20,678 | INFO |   F1 (weighted): 0.7136
2026-10-01 19:33:20,710 | INFO | 
Classification Report:
              precision    recall  f1-score   support

    NEGATIVE     0.7186    0.7158    0.7172     29427
     NEUTRAL     0.5934    0.6371    0.6145     29725
    POSITIVE     0.8125    0.7675    0.7894     37529

    accuracy                         0.7117     96681
   macro avg     0.7081    0.7068    0.7070     96681
weighted avg     0.7165    0.7117    0.7136     96681

2026-10-01 19:33:21,293 | INFO | Модель сохранена: models\logistic_regression_model.joblib
2026-10-01 19:33:21,294 | INFO | 
============================================================
2026-10-01 19:33:21,294 | INFO | Обучение модели: svm_linear
2026-10-01 19:33:21,294 | INFO | ============================================================
2026-10-01 19:38:49,240 | INFO | CV f1_macro: 0.6977 ± 0.0017
2026-10-01 19:38:56,199 | INFO | 
Результаты на тестовой выборке:
2026-10-01 19:38:56,200 | INFO |   Accuracy:      0.7121
2026-10-01 19:38:56,200 | INFO |   F1 (macro):    0.7059
2026-10-01 19:38:56,201 | INFO |   F1 (weighted): 0.7128
2026-10-01 19:38:56,222 | INFO | 
Classification Report:
              precision    recall  f1-score   support

    NEGATIVE     0.7191    0.7153    0.7172     29427
     NEUTRAL     0.6009    0.6172    0.6090     29725
    POSITIVE     0.7984    0.7847    0.7915     37529

    accuracy                         0.7121     96681
   macro avg     0.7062    0.7057    0.7059     96681
weighted avg     0.7136    0.7121    0.7128     96681

2026-10-01 19:38:56,815 | INFO | Модель сохранена: models\svm_linear_model.joblib
2026-10-01 19:38:56,816 | INFO | 
============================================================
2026-10-01 19:38:56,816 | INFO | Обучение модели: random_forest
2026-10-01 19:38:56,816 | INFO | ============================================================
2026-10-01 23:15:37,558 | INFO | CV f1_macro: 0.6746 ± 0.0006
2026-10-01 23:15:45,469 | INFO | 
Результаты на тестовой выборке:
2026-10-01 23:15:45,469 | INFO |   Accuracy:      0.6854
2026-10-01 23:15:45,469 | INFO |   F1 (macro):    0.6802
2026-10-01 23:15:45,469 | INFO |   F1 (weighted): 0.6869
2026-10-01 23:15:45,496 | INFO | 
Classification Report:
              precision    recall  f1-score   support

    NEGATIVE     0.6928    0.6688    0.6806     29427
     NEUTRAL     0.5760    0.6184    0.5964     29725
    POSITIVE     0.7757    0.7516    0.7635     37529

    accuracy                         0.6854     96681
   macro avg     0.6815    0.6796    0.6802     96681
weighted avg     0.6891    0.6854    0.6869     96681

2026-10-01 23:15:47,641 | INFO | Модель сохранена: models\random_forest_model.joblib
2026-10-01 23:15:47,870 | INFO | 
Результаты сохранены в models\results\results_20261001_201547.json
2026-10-01 23:15:47,871 | INFO | Отчет сохранен в models\results\report_20261001_201547.txt
2026-10-01 23:15:47,871 | INFO | 
============================================================
2026-10-01 23:15:47,872 | INFO | СВОДКА ПО ОБУЧЕННЫМ МОДЕЛЯМ
2026-10-01 23:15:47,872 | INFO | ============================================================
2026-10-01 23:15:47,872 | INFO | 
Модель               | Accuracy   | F1_macro   | CV F1_macro  | Рейтинг
2026-10-01 23:15:47,872 | INFO | ---------------------------------------------------------------------------
2026-10-01 23:15:47,872 | INFO | logistic_regression  | 0.7117     | 0.7070     | 0.7017       | 🥇
2026-10-01 23:15:47,872 | INFO | svm_linear           | 0.7121     | 0.7059     | 0.6977       | 🥈
2026-10-01 23:15:47,873 | INFO | random_forest        | 0.6854     | 0.6802     | 0.6746       | 🥉
2026-10-01 23:15:47,873 | INFO | 
🏆 Лучшая модель: logistic_regression
2026-10-01 23:15:47,873 | INFO |    Accuracy:   0.7117
2026-10-01 23:15:47,873 | INFO |    F1 (macro): 0.7070
2026-10-01 23:15:47,873 | INFO |    Путь:       models\logistic_regression_model.joblib
2026-10-01 23:15:47,873 | INFO | 
✅ Обучение завершено успешно!
2026-10-01 23:15:47,874 | INFO |    Модели: models
